apiVersion: litmuchaos.io/v1alpha1
kind: ChartServiceVersion
metadata:
  name: pod-delete 
  version: 0.1.0
  annotations:
    categories: sample-category
    repository: https://github.com/litmuschaos/litmus-ansible/tree/master/sample-category/pod-delete
    support: https://kubernetes.slack.com/messages/CNXNB0ZTN
spec:
  displayName: pod-delete 
  categoryDescription: >
    kills nginx pods in a random manner 
  keywords: ['pods', 'kubernetes', 'sample-category', 'nginx'] 
  maturity: alpha 
  minKubeVersion: 1.12.0 
  provider: {'name': 'Mayadata'}
  maintainers: ['ksatchit@mayadata.io'] 
  contributors: ['ksatchit@mayadata.io'] 
  links: ['https://docs.litmuschaos.io/docs/getstarted/'] 
  icon:
    - url: 
      mediatype: "" 
