apiVersion: litmuschaos.io/v1alpha1
description:
  message: |
    kills nginx pods in a random manner
kind: ChaosExperiment
metadata:
  name: pod-delete
  version: 0.1.0 
spec:
  definition:
    scope: Namespaced
    permissions: [{'apiGroups': ['', 'batch', 'litmuschaos.io'], 'resources': ['jobs', 'pods', 'chaosengines', 'chaosexperiments', 'chaosresults'], 'verbs': ['create', 'list', 'get', 'update', 'patch', 'delete']}]
    image: "litmuschaos/ansible-runner:ci"
    args:
    - -c
    - ansible-playbook ./experiments/sample-category/pod-delete/pod-delete-ansible-logic.yml -i /etc/ansible/hosts -vv; exit 0
    command:
    - /bin/bash
    env:
    - name: ANSIBLE_STDOUT_CALLBACK
      value: 'default'

    - name: TOTAL_CHAOS_DURATION
      value: '' 

    - name: LIB
      value: ''

    - name: RAMP_TIME
      value: ''
      
    labels:
      experiment: pod-delete