---
apiVersion: v1
kind: ServiceAccount
metadata:
  name: pod-delete-sa
  namespace: default
  labels:
    name: pod-delete-sa
---
apiVersion: rbac.authorization.k8s.io/v1beta1
kind: Role
metadata:
  name: pod-delete-sa
  namespace: default
  labels:
    name: pod-delete-sa
rules: [{'apiGroups': ['', 'batch', 'litmuschaos.io'], 'resources': ['jobs', 'pods', 'chaosengines', 'chaosexperiments', 'chaosresults'], 'verbs': ['create', 'list', 'get', 'update', 'patch', 'delete']}]
---
apiVersion: rbac.authorization.k8s.io/v1beta1
kind: RoleBinding
metadata:
  name: pod-delete-sa
  namespace: default
  labels:
    name: pod-delete-sa
roleRef:
  apiGroup: rbac.authorization.k8s.io
  kind: Role
  name: pod-delete-sa
subjects:
- kind: ServiceAccount
  name: pod-delete-sa
  namespace: default